// Jest Snapshot v1, https://goo.gl/fbAQLP

exports[`SearchBar component renders correctly 1`] = `ReactWrapper {}`;
